2026-08-05 01:57:12 [main] INFO  com.example.Model.Guerrero - Entrada de datos
2026-08-05 01:57:12 [main] INFO  com.example.Main - Guerrero creado: Guerrero{id=1, name='Goku', ki='60.000.000', race='Saiyan', gender='Male', image='https://dragonball-api.com/characters/goku_normal.webp'}
2026-08-05 01:57:12 [main] INFO  com.example.Model.Guerrero - Entrada de datos
2026-08-05 01:57:12 [main] INFO  com.example.Main - Guerrero creado: Guerrero{id=2, name='Vegeta', ki='54.000.000', race='Saiyan', gender='Male', image='https://dragonball-api.com/characters/vegeta_normal.webp'}
2026-08-05 01:57:12 [main] INFO  com.example.Model.Guerrero - Entrada de datos
2026-08-05 01:57:12 [main] INFO  com.example.Main - Guerrero creado: Guerrero{id=3, name='Piccolo', ki='2.000.000', race='Namekian', gender='Male', image='https://dragonball-api.com/characters/picolo_normal.webp'}
2026-08-05 01:57:12 [main] INFO  com.example.Model.Guerrero - Entrada de datos
2026-08-05 01:57:12 [main] INFO  com.example.Main - Guerrero creado: Guerrero{id=4, name='Bulma', ki='0', race='Human', gender='Female', image='https://dragonball-api.com/characters/bulma.webp'}
2026-08-05 01:57:12 [main] INFO  com.example.Model.Guerrero - Entrada de datos
2026-08-05 01:57:12 [main] INFO  com.example.Main - Guerrero creado: Guerrero{id=5, name='Freezer', ki='530.000', race='Frieza Race', gender='Male', image='https://dragonball-api.com/characters/Freezer.webp'}
2026-08-05 01:57:12 [main] INFO  com.example.Model.Guerrero - Entrada de datos
2026-08-05 01:57:12 [main] INFO  com.example.Main - Guerrero creado: Guerrero{id=6, name='Zarbon', ki='20.000', race='Frieza Race', gender='Male', image='https://dragonball-api.com/characters/zarbon.webp'}
2026-08-05 01:57:12 [main] INFO  com.example.Model.Guerrero - Entrada de datos
2026-08-05 01:57:12 [main] INFO  com.example.Main - Guerrero creado: Guerrero{id=7, name='Dodoria', ki='18.000', race='Frieza Race', gender='Male', image='https://dragonball-api.com/characters/dodoria.webp'}
2026-08-05 01:57:12 [main] INFO  com.example.Model.Guerrero - Entrada de datos
2026-08-05 01:57:12 [main] INFO  com.example.Main - Guerrero creado: Guerrero{id=8, name='Ginyu', ki='9.000', race='Frieza Race', gender='Male', image='https://dragonball-api.com/characters/ginyu.webp'}
2026-08-05 01:57:12 [main] INFO  com.example.Model.Guerrero - Entrada de datos
2026-08-05 01:57:12 [main] INFO  com.example.Main - Guerrero creado: Guerrero{id=9, name='Celula', ki='250.000.000', race='Android', gender='Male', image='https://dragonball-api.com/characters/celula.webp'}
2026-08-05 01:57:12 [main] INFO  com.example.Model.Guerrero - Entrada de datos
2026-08-05 01:57:12 [main] INFO  com.example.Main - Guerrero creado: Guerrero{id=10, name='Gohan', ki='45.000.000', race='Saiyan', gender='Male', image='https://dragonball-api.com/characters/gohan.webp'}
2026-08-05 01:57:12 [main] WARN  com.example.Main - Línea omitida por formato incorrecto: 
2026-08-05 01:57:12 [main] WARN  com.example.Main - Línea omitida por formato incorrecto: s
2026-08-05 01:57:12 [main] INFO  com.example.Main - Total de guerreros cargados: 10
